[backblue.gif]
[fade.gif]
[index.html]
[sml.tum-cdps.de/index.html]
[sml.tum-cdps.de/en.html]
[sml.tum-cdps.de/assets/images/site/favicon.png]
[sml.tum-cdps.de/assets/images/site/favicon.svg]
[sml.tum-cdps.de/_next/static/css/d44e3c3dccbf666e.css]
[sml.tum-cdps.de/_next/static/chunks/polyfills-c67a75d1b6f99dc8.js]
[sml.tum-cdps.de/_next/static/chunks/webpack-9e29b6141f1c32d9.js]
[sml.tum-cdps.de/_next/static/chunks/framework-5f4595e5518b5600.js]
[sml.tum-cdps.de/_next/static/chunks/main-504a141f75d9a30f.js]
[sml.tum-cdps.de/_next/static/chunks/pages/_app-7403f9bcec7d87e5.js]
[sml.tum-cdps.de/_next/static/chunks/0e226fb0-cdc30c69d8d82a6c.js]
[sml.tum-cdps.de/_next/static/chunks/424-b6539ab512333209.js]
[sml.tum-cdps.de/_next/static/chunks/527-89eb14ef46e39a8c.js]
[sml.tum-cdps.de/_next/static/chunks/118-4a755b8ce9119d10.js]
[sml.tum-cdps.de/_next/static/chunks/716-d7be347264d55458.js]
[sml.tum-cdps.de/_next/static/chunks/pages/index-f1833ee90acff876.js]
[sml.tum-cdps.de/_next/static/T7CIXwCpKuyPH7n_kxPe2/_buildManifest.js]
[sml.tum-cdps.de/_next/static/T7CIXwCpKuyPH7n_kxPe2/_ssgManifest.js]
[sml.tum-cdps.de/en/fragen.html]
[sml.tum-cdps.de/en/fragen/arbeitszeit.html]
[sml.tum-cdps.de/en/fragen/hinweisprivat.html]
[sml.tum-cdps.de/en/fragen/meinungskundgabe.html]
[sml.tum-cdps.de/en/fragen/vernetzung.html]
[sml.tum-cdps.de/en/fragen/blockierung.html]
[sml.tum-cdps.de/en/fragen/aussagenueberarbeit.html]
[sml.tum-cdps.de/en/fragen/kontaktanfragen.html]
[sml.tum-cdps.de/en/fragen/behoerdenrepraesentation.html]
[sml.tum-cdps.de/en/fragen/fotoveroeffentlichungen.html]
[sml.tum-cdps.de/en/fragen/urheberrechte.html]
[sml.tum-cdps.de/en/fragen/likenundfavorisieren.html]
[sml.tum-cdps.de/en/fragen/fanpages.html]
[sml.tum-cdps.de/en/fragen/glossar.html]
[sml.tum-cdps.de/assets/images/site/cdpslogo.png]
[sml.tum-cdps.de/assets/images/sml/headersml.jpg]
[sml.tum-cdps.de/assets/images/Profilbild_DH_Credits_an_Kilian_Blues_bidt_test.png]
[sml.tum-cdps.de/assets/Social_Media_Leitfaden_Quickguide1.pdf]
[sml.tum-cdps.de/assets/images/sml/quickguide_frontpage3.png]
[sml.tum-cdps.de/assets/Social_Media_Leitfaden_Quickguide_barrierefrei_tintensparend.pdf]
[sml.tum-cdps.de/en.html]
[sml.tum-cdps.de/assets/images/site/favicon.svg]
[sml.tum-cdps.de/images/spinners/octocat-spinner-16px.26.delayed]
[sml.tum-cdps.de/images/modules/ajax/success.27.delayed]
[sml.tum-cdps.de/images/modules/ajax/error.28.delayed]
[sml.tum-cdps.de/images/spinners/octocat-spinner-32.29.delayed]
[sml.tum-cdps.de/images/modules/ajax/success@2x.2a.delayed]
[sml.tum-cdps.de/images/modules/ajax/error@2x.2b.delayed]
[sml.tum-cdps.de/images/spinners/octocat-spinner-32-EAF2F5.2c.delayed]
[sml.tum-cdps.de/dist/fonts/Inter-Regular.woff]
[sml.tum-cdps.de/dist/fonts/Inter-Medium.woff]
[sml.tum-cdps.de/dist/fonts/Inter-Bold.woff]
[sml.tum-cdps.de/assets/fonts/alliance/alliance-no-1-regular.woff]
[sml.tum-cdps.de/assets/fonts/alliance/alliance-no-1-medium.woff]
[sml.tum-cdps.de/assets/fonts/alliance/alliance-no-1-bold.woff]
[sml.tum-cdps.de/assets/fonts/alliance/alliance-no-1-extrabold.woff]
[sml.tum-cdps.de/_next/static/css/d44e3c3dccbf666e.css]
[sml.tum-cdps.de/_next/static/chunks/283-d803fdccfbef3037.js]
[sml.tum-cdps.de/_next/static/chunks/pages/[versionId]/[productId]-e5f5778d9d203fa4.js]
[sml.tum-cdps.de/en/fragen/impressum.html]
[sml.tum-cdps.de/en/fragen.html]
[sml.tum-cdps.de/en/fragen/datenschutzerklaerung.html]
[sml.tum-cdps.de/_next/static/chunks/pages/[versionId]/[productId]/[...restPage]-2d9c515d58b89be2.js]
[sml.tum-cdps.de/en/fragen/arbeitszeit.html]
[sml.tum-cdps.de/en/fragen/hinweisprivat.html]
[sml.tum-cdps.de/en/fragen/meinungskundgabe.html]
[sml.tum-cdps.de/en/fragen/vernetzung.html]
[sml.tum-cdps.de/en/fragen/blockierung.html]
[sml.tum-cdps.de/en/fragen/aussagenueberarbeit.html]
[sml.tum-cdps.de/en/fragen/kontaktanfragen.html]
[sml.tum-cdps.de/en/fragen/behoerdenrepraesentation.html]
[sml.tum-cdps.de/en/fragen/fotoveroeffentlichungen.html]
[sml.tum-cdps.de/en/fragen/urheberrechte.html]
[sml.tum-cdps.de/en/fragen/likenundfavorisieren.html]
[sml.tum-cdps.de/en/fragen/fanpages.html]
[sml.tum-cdps.de/assets/images/sml/katzen_meme.jpg]
[sml.tum-cdps.de/en/fragen/glossar.html]
[sml.tum-cdps.de/en/fragen/impressum/index.html]
[sml.tum-cdps.de/en/fragen/datenschutzerklaerung/index.html]
[sml.tum-cdps.de/images/spinners/octocat-spinner-16px.html]
[sml.tum-cdps.de/images/modules/ajax/success.html]
[sml.tum-cdps.de/images/modules/ajax/error.html]
[sml.tum-cdps.de/images/spinners/octocat-spinner-32.html]
[sml.tum-cdps.de/images/modules/ajax/success@2x.html]
[sml.tum-cdps.de/images/modules/ajax/error@2x.html]
[sml.tum-cdps.de/images/spinners/octocat-spinner-32-EAF2F5.html]
[sml.tum-cdps.de/assets/images/octicons/hamburger.svg]
[sml.tum-cdps.de/assets/images/octicons/x.svg]
[sml.tum-cdps.de/assets/images/octicons/search.svg]
[sml.tum-cdps.de/en/fragen/impressum.html]
[sml.tum-cdps.de/en/fragen/datenschutzerklaerung.html]
